// Jest Snapshot v1, https://goo.gl/fbAQLP

exports[`<LoginForm /> renders correctly 1`] = `
<RCTSafeAreaView
  emulateUnlessSupported={true}
  style={
    Object {
      "alignItems": "center",
      "backgroundColor": "#fff",
      "flex": 1,
      "marginTop": 90,
    }
  }
>
  <RCTScrollView
    style={
      Object {
        "paddingVertical": 20,
      }
    }
  >
    <View>
      <Image
        source={1}
        style={
          Object {
            "height": 140,
            "width": 140,
          }
        }
      />
      <Text
        style={
          Object {
            "fontSize": 50,
          }
        }
      >
        PupDates
      </Text>
      <TextInput
        allowFontScaling={true}
        autoCapitalize="none"
        onChangeText={[Function]}
        placeholder="Email"
        rejectResponderTermination={true}
        style={
          Object {
            "alignItems": "center",
            "borderColor": "lightgrey",
            "borderRadius": 50,
            "borderWidth": 1.5,
            "height": 60,
            "margin": 20,
            "padding": 10,
            "width": "90%",
          }
        }
        underlineColorAndroid="transparent"
        value=""
      />
      <TextInput
        allowFontScaling={true}
        autoCapitalize="none"
        onChangeText={[Function]}
        placeholder="Password"
        rejectResponderTermination={true}
        style={
          Object {
            "alignItems": "center",
            "borderColor": "lightgrey",
            "borderRadius": 50,
            "borderWidth": 1.5,
            "height": 60,
            "margin": 20,
            "padding": 10,
            "width": "90%",
          }
        }
        underlineColorAndroid="transparent"
        value=""
      />
      <View
        accessible={true}
        focusable={true}
        isTVSelectable={true}
        onClick={[Function]}
        onResponderGrant={[Function]}
        onResponderMove={[Function]}
        onResponderRelease={[Function]}
        onResponderTerminate={[Function]}
        onResponderTerminationRequest={[Function]}
        onStartShouldSetResponder={[Function]}
        style={
          Object {
            "alignItems": "center",
            "borderBottomLeftRadius": 20,
            "borderBottomRightRadius": 20,
            "borderTopLeftRadius": 20,
            "borderTopRightRadius": 20,
            "color": "black",
            "justifyContent": "center",
            "opacity": 1,
          }
        }
      >
        <ViewManagerAdapter_ExpoLinearGradient
          proxiedProperties={
            Object {
              "colors": Array [
                4294944000,
                4290979109,
              ],
              "endPoint": undefined,
              "locations": undefined,
              "startPoint": undefined,
            }
          }
          style={
            Object {
              "alignItems": "center",
              "borderRadius": 25,
              "height": 50,
              "justifyContent": "center",
              "width": "100%",
            }
          }
        >
          <Text
            style={
              Object {
                "color": "#fff",
                "fontSize": 25,
              }
            }
          >
            Login
          </Text>
        </ViewManagerAdapter_ExpoLinearGradient>
      </View>
    </View>
  </RCTScrollView>
</RCTSafeAreaView>
`;
